Category: 📺央视频道, Name: CCTV1, Total: 25, Valid: 5, Valid Percent: 20.00%, Whitelist: 0, IPv4: 25, IPv6: 0, Min Delay: 335 ms, Max Speed: 3.20 M/s, Avg Speed: 3.03 M/s, Max Resolution: 1280x720
Category: 📺央视频道, Name: CCTV2, Total: 25, Valid: 6, Valid Percent: 24.00%, Whitelist: 0, IPv4: 25, IPv6: 0, Min Delay: 313 ms, Max Speed: 4.19 M/s, Avg Speed: 3.40 M/s, Max Resolution: 1280x720
Category: 📺央视频道, Name: CCTV3, Total: 22, Valid: 4, Valid Percent: 18.18%, Whitelist: 0, IPv4: 22, IPv6: 0, Min Delay: 340 ms, Max Speed: 9.23 M/s, Avg Speed: 6.06 M/s, Max Resolution: 1920x1080
Category: 📺央视频道, Name: CCTV4, Total: 31, Valid: 5, Valid Percent: 16.13%, Whitelist: 0, IPv4: 31, IPv6: 0, Min Delay: 291 ms, Max Speed: 3.31 M/s, Avg Speed: 2.59 M/s, Max Resolution: 1920x1080
Category: 📺央视频道, Name: CCTV5, Total: 26, Valid: 5, Valid Percent: 19.23%, Whitelist: 0, IPv4: 26, IPv6: 0, Min Delay: 322 ms, Max Speed: 6.10 M/s, Avg Speed: 3.18 M/s, Max Resolution: 1920x1080
Category: 📺央视频道, Name: CCTV5+, Total: 22, Valid: 2, Valid Percent: 9.09%, Whitelist: 0, IPv4: 22, IPv6: 0, Min Delay: 411 ms, Max Speed: 7.11 M/s, Avg Speed: 3.94 M/s, Max Resolution: 1920x1080
Category: 📺央视频道, Name: CCTV6, Total: 24, Valid: 6, Valid Percent: 25.00%, Whitelist: 0, IPv4: 24, IPv6: 0, Min Delay: 364 ms, Max Speed: 5.60 M/s, Avg Speed: 4.57 M/s, Max Resolution: 1920x1080
Category: 📺央视频道, Name: CCTV7, Total: 24, Valid: 5, Valid Percent: 20.83%, Whitelist: 0, IPv4: 24, IPv6: 0, Min Delay: 320 ms, Max Speed: 9.10 M/s, Avg Speed: 5.76 M/s, Max Resolution: 1920x1080
Category: 📺央视频道, Name: CCTV8, Total: 26, Valid: 7, Valid Percent: 26.92%, Whitelist: 0, IPv4: 26, IPv6: 0, Min Delay: 309 ms, Max Speed: 10.10 M/s, Avg Speed: 3.28 M/s, Max Resolution: 1920x1080
Category: 📺央视频道, Name: CCTV9, Total: 25, Valid: 5, Valid Percent: 20.00%, Whitelist: 0, IPv4: 25, IPv6: 0, Min Delay: 390 ms, Max Speed: 9.79 M/s, Avg Speed: 7.22 M/s, Max Resolution: 1920x1080
Category: 📺央视频道, Name: CCTV10, Total: 24, Valid: 5, Valid Percent: 20.83%, Whitelist: 0, IPv4: 24, IPv6: 0, Min Delay: 410 ms, Max Speed: 9.90 M/s, Avg Speed: 8.04 M/s, Max Resolution: 1920x1080
Category: 📺央视频道, Name: CCTV11, Total: 24, Valid: 5, Valid Percent: 20.83%, Whitelist: 0, IPv4: 24, IPv6: 0, Min Delay: 431 ms, Max Speed: 7.42 M/s, Avg Speed: 4.31 M/s, Max Resolution: 1920x1080
Category: 📺央视频道, Name: CCTV12, Total: 23, Valid: 6, Valid Percent: 26.09%, Whitelist: 0, IPv4: 23, IPv6: 0, Min Delay: 358 ms, Max Speed: 8.66 M/s, Avg Speed: 4.22 M/s, Max Resolution: 1920x1080
Category: 📺央视频道, Name: CCTV13, Total: 26, Valid: 5, Valid Percent: 19.23%, Whitelist: 0, IPv4: 26, IPv6: 0, Min Delay: 289 ms, Max Speed: 9.29 M/s, Avg Speed: 4.70 M/s, Max Resolution: 1920x1080
Category: 📺央视频道, Name: CCTV14, Total: 23, Valid: 5, Valid Percent: 21.74%, Whitelist: 0, IPv4: 23, IPv6: 0, Min Delay: 406 ms, Max Speed: 7.99 M/s, Avg Speed: 6.35 M/s, Max Resolution: 1920x1080
Category: 📺央视频道, Name: CCTV15, Total: 26, Valid: 6, Valid Percent: 23.08%, Whitelist: 0, IPv4: 26, IPv6: 0, Min Delay: 410 ms, Max Speed: 8.85 M/s, Avg Speed: 5.34 M/s, Max Resolution: 1920x1080
Category: 📺央视频道, Name: CCTV16, Total: 24, Valid: 4, Valid Percent: 16.67%, Whitelist: 0, IPv4: 24, IPv6: 0, Min Delay: 470 ms, Max Speed: 7.44 M/s, Avg Speed: 2.35 M/s, Max Resolution: 1920x1080
Category: 📺央视频道, Name: CETV3, Total: 3, Valid: 2, Valid Percent: 66.67%, Whitelist: 0, IPv4: 3, IPv6: 0, Min Delay: 407 ms, Max Speed: 6.36 M/s, Avg Speed: 6.28 M/s, Max Resolution: 720x576
Category: 📺央视频道, Name: CCTV17, Total: 21, Valid: 5, Valid Percent: 23.81%, Whitelist: 0, IPv4: 21, IPv6: 0, Min Delay: 43 ms, Max Speed: 120.46 M/s, Avg Speed: 45.55 M/s, Max Resolution: 1920x1080
Category: 📺央视频道, Name: CETV4, Total: 1, Valid: 0, Valid Percent: 0.00%, Whitelist: 0, IPv4: 1, IPv6: 0, Min Delay: -1 ms, Max Speed: 0.00 M/s, Avg Speed: 0.00 M/s, Max Resolution: None
Category: 📺央视频道, Name: CCTV4K, Total: 10, Valid: 0, Valid Percent: 0.00%, Whitelist: 0, IPv4: 10, IPv6: 0, Min Delay: -1 ms, Max Speed: 0.00 M/s, Avg Speed: 0.00 M/s, Max Resolution: None
Category: 📺央视频道, Name: CCTV8K, Total: 2, Valid: 1, Valid Percent: 50.00%, Whitelist: 0, IPv4: 2, IPv6: 0, Min Delay: 482 ms, Max Speed: 10.96 M/s, Avg Speed: 10.96 M/s, Max Resolution: 1920x1080
Category: 📺央视频道, Name: CGTN俄语, Total: 3, Valid: 0, Valid Percent: 0.00%, Whitelist: 0, IPv4: 3, IPv6: 0, Min Delay: -1 ms, Max Speed: 0.00 M/s, Avg Speed: 0.00 M/s, Max Resolution: None
Category: 📺央视频道, Name: CETV1, Total: 10, Valid: 3, Valid Percent: 30.00%, Whitelist: 0, IPv4: 10, IPv6: 0, Min Delay: 512 ms, Max Speed: 9.90 M/s, Avg Speed: 9.56 M/s, Max Resolution: 1920x1080
Category: 📺央视频道, Name: CETV2, Total: 2, Valid: 0, Valid Percent: 0.00%, Whitelist: 0, IPv4: 2, IPv6: 0, Min Delay: -1 ms, Max Speed: 0.00 M/s, Avg Speed: 0.00 M/s, Max Resolution: None
Category: 📺央视频道, Name: 高尔夫网球, Total: 3, Valid: 2, Valid Percent: 66.67%, Whitelist: 0, IPv4: 3, IPv6: 0, Min Delay: 21 ms, Max Speed: 1.41 M/s, Avg Speed: 1.18 M/s, Max Resolution: 1920x1080
Category: 📺央视频道, Name: 风云足球, Total: 5, Valid: 4, Valid Percent: 80.00%, Whitelist: 0, IPv4: 5, IPv6: 0, Min Delay: 320 ms, Max Speed: 10.12 M/s, Avg Speed: 5.53 M/s, Max Resolution: 1920x1080
Category: 📺央视频道, Name: 风云剧场, Total: 6, Valid: 5, Valid Percent: 83.33%, Whitelist: 0, IPv4: 6, IPv6: 0, Min Delay: 73 ms, Max Speed: 72.79 M/s, Avg Speed: 19.99 M/s, Max Resolution: 1920x1080
Category: 📺央视频道, Name: 央视台球, Total: 6, Valid: 5, Valid Percent: 83.33%, Whitelist: 0, IPv4: 6, IPv6: 0, Min Delay: 233 ms, Max Speed: 9.33 M/s, Avg Speed: 4.49 M/s, Max Resolution: 1920x1080
Category: 📺央视频道, Name: CGTN英语, Total: 8, Valid: 1, Valid Percent: 12.50%, Whitelist: 0, IPv4: 8, IPv6: 0, Min Delay: 519 ms, Max Speed: 13.81 M/s, Avg Speed: 13.81 M/s, Max Resolution: 1920x1080
Category: 📺央视频道, Name: 兵器科技, Total: 7, Valid: 5, Valid Percent: 71.43%, Whitelist: 0, IPv4: 7, IPv6: 0, Min Delay: 47 ms, Max Speed: 102.63 M/s, Avg Speed: 42.58 M/s, Max Resolution: 1920x1080
Category: 📺央视频道, Name: 风云音乐, Total: 8, Valid: 6, Valid Percent: 75.00%, Whitelist: 0, IPv4: 8, IPv6: 0, Min Delay: 45 ms, Max Speed: 110.01 M/s, Avg Speed: 39.10 M/s, Max Resolution: 1920x1080
Category: 📺央视频道, Name: 怀旧剧场, Total: 5, Valid: 4, Valid Percent: 80.00%, Whitelist: 0, IPv4: 5, IPv6: 0, Min Delay: 41 ms, Max Speed: 127.70 M/s, Avg Speed: 36.91 M/s, Max Resolution: 1920x1080
Category: 📺央视频道, Name: 第一剧场, Total: 7, Valid: 6, Valid Percent: 85.71%, Whitelist: 0, IPv4: 7, IPv6: 0, Min Delay: 55 ms, Max Speed: 88.49 M/s, Avg Speed: 31.04 M/s, Max Resolution: 1920x1080
Category: 📺央视频道, Name: 女性时尚, Total: 5, Valid: 4, Valid Percent: 80.00%, Whitelist: 0, IPv4: 5, IPv6: 0, Min Delay: 377 ms, Max Speed: 8.25 M/s, Avg Speed: 4.75 M/s, Max Resolution: 1920x1080
Category: 📺央视频道, Name: 世界地理, Total: 4, Valid: 3, Valid Percent: 75.00%, Whitelist: 0, IPv4: 4, IPv6: 0, Min Delay: 436 ms, Max Speed: 9.08 M/s, Avg Speed: 5.98 M/s, Max Resolution: 1920x1080
Category: 📺央视频道, Name: 老故事, Total: 8, Valid: 1, Valid Percent: 12.50%, Whitelist: 0, IPv4: 8, IPv6: 0, Min Delay: 2618 ms, Max Speed: 0.85 M/s, Avg Speed: 0.85 M/s, Max Resolution: 1920x1080
Category: 📡卫视频道, Name: 湖南卫视, Total: 23, Valid: 7, Valid Percent: 30.43%, Whitelist: 0, IPv4: 23, IPv6: 0, Min Delay: 380 ms, Max Speed: 10.19 M/s, Avg Speed: 4.54 M/s, Max Resolution: 3840x2160
Category: 📡卫视频道, Name: 浙江卫视, Total: 22, Valid: 7, Valid Percent: 31.82%, Whitelist: 0, IPv4: 22, IPv6: 0, Min Delay: 437 ms, Max Speed: 8.71 M/s, Avg Speed: 4.08 M/s, Max Resolution: 1920x1080
Category: 📡卫视频道, Name: 江苏卫视, Total: 21, Valid: 5, Valid Percent: 23.81%, Whitelist: 0, IPv4: 21, IPv6: 0, Min Delay: 467 ms, Max Speed: 10.57 M/s, Avg Speed: 8.06 M/s, Max Resolution: 3840x2160
Category: 📡卫视频道, Name: 东方卫视, Total: 23, Valid: 8, Valid Percent: 34.78%, Whitelist: 0, IPv4: 23, IPv6: 0, Min Delay: 234 ms, Max Speed: 9.83 M/s, Avg Speed: 5.01 M/s, Max Resolution: 1920x1080
Category: 📡卫视频道, Name: 北京卫视, Total: 20, Valid: 3, Valid Percent: 15.00%, Whitelist: 0, IPv4: 20, IPv6: 0, Min Delay: 448 ms, Max Speed: 10.16 M/s, Avg Speed: 9.23 M/s, Max Resolution: 1920x1080
Category: 📡卫视频道, Name: 广东卫视, Total: 18, Valid: 4, Valid Percent: 22.22%, Whitelist: 0, IPv4: 18, IPv6: 0, Min Delay: 319 ms, Max Speed: 32.12 M/s, Avg Speed: 15.10 M/s, Max Resolution: 1920x1080
Category: 📡卫视频道, Name: 深圳卫视, Total: 18, Valid: 5, Valid Percent: 27.78%, Whitelist: 0, IPv4: 18, IPv6: 0, Min Delay: 512 ms, Max Speed: 10.27 M/s, Avg Speed: 5.93 M/s, Max Resolution: 1920x1080
Category: 📡卫视频道, Name: 天津卫视, Total: 14, Valid: 3, Valid Percent: 21.43%, Whitelist: 0, IPv4: 14, IPv6: 0, Min Delay: 545 ms, Max Speed: 7.40 M/s, Avg Speed: 6.67 M/s, Max Resolution: 1920x1080
Category: 📡卫视频道, Name: 山东卫视, Total: 19, Valid: 4, Valid Percent: 21.05%, Whitelist: 0, IPv4: 19, IPv6: 0, Min Delay: 472 ms, Max Speed: 9.31 M/s, Avg Speed: 7.65 M/s, Max Resolution: 1920x1080
Category: 📡卫视频道, Name: 河南卫视, Total: 20, Valid: 5, Valid Percent: 25.00%, Whitelist: 0, IPv4: 20, IPv6: 0, Min Delay: 444 ms, Max Speed: 9.48 M/s, Avg Speed: 6.63 M/s, Max Resolution: 1920x1080
Category: 📡卫视频道, Name: 湖北卫视, Total: 15, Valid: 2, Valid Percent: 13.33%, Whitelist: 0, IPv4: 15, IPv6: 0, Min Delay: 439 ms, Max Speed: 9.53 M/s, Avg Speed: 9.21 M/s, Max Resolution: 1920x1080
Category: 📡卫视频道, Name: 四川卫视, Total: 18, Valid: 5, Valid Percent: 27.78%, Whitelist: 0, IPv4: 18, IPv6: 0, Min Delay: 44 ms, Max Speed: 104.06 M/s, Avg Speed: 38.95 M/s, Max Resolution: 1920x1080
Category: 📡卫视频道, Name: 重庆卫视, Total: 16, Valid: 2, Valid Percent: 12.50%, Whitelist: 0, IPv4: 16, IPv6: 0, Min Delay: 473 ms, Max Speed: 8.06 M/s, Avg Speed: 8.02 M/s, Max Resolution: 1920x1080
Category: 📡卫视频道, Name: 安徽卫视, Total: 17, Valid: 5, Valid Percent: 29.41%, Whitelist: 0, IPv4: 17, IPv6: 0, Min Delay: 463 ms, Max Speed: 9.08 M/s, Avg Speed: 5.08 M/s, Max Resolution: 1920x1080
Category: 📡卫视频道, Name: 江西卫视, Total: 17, Valid: 5, Valid Percent: 29.41%, Whitelist: 0, IPv4: 17, IPv6: 0, Min Delay: 57 ms, Max Speed: 22.63 M/s, Avg Speed: 9.92 M/s, Max Resolution: 1920x1080
Category: 📡卫视频道, Name: 辽宁卫视, Total: 19, Valid: 6, Valid Percent: 31.58%, Whitelist: 0, IPv4: 19, IPv6: 0, Min Delay: 299 ms, Max Speed: 10.10 M/s, Avg Speed: 6.33 M/s, Max Resolution: 1920x1080
Category: 📡卫视频道, Name: 吉林卫视, Total: 15, Valid: 3, Valid Percent: 20.00%, Whitelist: 0, IPv4: 15, IPv6: 0, Min Delay: 436 ms, Max Speed: 7.94 M/s, Avg Speed: 7.55 M/s, Max Resolution: 1920x1080
Category: 📡卫视频道, Name: 黑龙江卫视, Total: 19, Valid: 5, Valid Percent: 26.32%, Whitelist: 0, IPv4: 19, IPv6: 0, Min Delay: 462 ms, Max Speed: 9.61 M/s, Avg Speed: 4.41 M/s, Max Resolution: 1920x1080
Category: 📡卫视频道, Name: 河北卫视, Total: 17, Valid: 3, Valid Percent: 17.65%, Whitelist: 0, IPv4: 17, IPv6: 0, Min Delay: 432 ms, Max Speed: 8.67 M/s, Avg Speed: 7.88 M/s, Max Resolution: 1920x1080
Category: 📡卫视频道, Name: 山西卫视, Total: 14, Valid: 6, Valid Percent: 42.86%, Whitelist: 0, IPv4: 14, IPv6: 0, Min Delay: 48 ms, Max Speed: 95.96 M/s, Avg Speed: 33.54 M/s, Max Resolution: 1920x1080
Category: 📡卫视频道, Name: 陕西卫视, Total: 14, Valid: 4, Valid Percent: 28.57%, Whitelist: 0, IPv4: 14, IPv6: 0, Min Delay: 43 ms, Max Speed: 114.76 M/s, Avg Speed: 33.64 M/s, Max Resolution: 1920x1080
Category: 📡卫视频道, Name: 甘肃卫视, Total: 15, Valid: 3, Valid Percent: 20.00%, Whitelist: 0, IPv4: 15, IPv6: 0, Min Delay: 459 ms, Max Speed: 8.48 M/s, Avg Speed: 5.67 M/s, Max Resolution: 1920x1080
Category: 📡卫视频道, Name: 青海卫视, Total: 11, Valid: 2, Valid Percent: 18.18%, Whitelist: 0, IPv4: 11, IPv6: 0, Min Delay: 313 ms, Max Speed: 7.98 M/s, Avg Speed: 5.40 M/s, Max Resolution: 1920x1080
Category: 📡卫视频道, Name: 宁夏卫视, Total: 13, Valid: 5, Valid Percent: 38.46%, Whitelist: 0, IPv4: 13, IPv6: 0, Min Delay: 51 ms, Max Speed: 102.99 M/s, Avg Speed: 55.29 M/s, Max Resolution: 1920x1080
Category: 📡卫视频道, Name: 新疆卫视, Total: 14, Valid: 6, Valid Percent: 42.86%, Whitelist: 0, IPv4: 14, IPv6: 0, Min Delay: 46 ms, Max Speed: 103.15 M/s, Avg Speed: 21.49 M/s, Max Resolution: 1920x1080
Category: 📡卫视频道, Name: 西藏卫视, Total: 15, Valid: 4, Valid Percent: 26.67%, Whitelist: 0, IPv4: 15, IPv6: 0, Min Delay: 50 ms, Max Speed: 106.66 M/s, Avg Speed: 31.41 M/s, Max Resolution: 1920x1080
Category: 📡卫视频道, Name: 内蒙古卫视, Total: 16, Valid: 5, Valid Percent: 31.25%, Whitelist: 0, IPv4: 16, IPv6: 0, Min Delay: 44 ms, Max Speed: 112.57 M/s, Avg Speed: 48.03 M/s, Max Resolution: 1920x1080
Category: 📡卫视频道, Name: 广西卫视, Total: 15, Valid: 5, Valid Percent: 33.33%, Whitelist: 0, IPv4: 15, IPv6: 0, Min Delay: 294 ms, Max Speed: 8.56 M/s, Avg Speed: 4.62 M/s, Max Resolution: 1920x1080
Category: 📡卫视频道, Name: 云南卫视, Total: 16, Valid: 3, Valid Percent: 18.75%, Whitelist: 0, IPv4: 16, IPv6: 0, Min Delay: 305 ms, Max Speed: 7.85 M/s, Avg Speed: 5.96 M/s, Max Resolution: 1920x1080
Category: 📡卫视频道, Name: 贵州卫视, Total: 18, Valid: 5, Valid Percent: 27.78%, Whitelist: 0, IPv4: 18, IPv6: 0, Min Delay: 47 ms, Max Speed: 89.68 M/s, Avg Speed: 25.33 M/s, Max Resolution: 1920x1080
Category: 📡卫视频道, Name: 海南卫视, Total: 14, Valid: 1, Valid Percent: 7.14%, Whitelist: 0, IPv4: 14, IPv6: 0, Min Delay: 2850 ms, Max Speed: 0.88 M/s, Avg Speed: 0.88 M/s, Max Resolution: 1920x1080
Category: 📡卫视频道, Name: 三沙卫视, Total: 8, Valid: 5, Valid Percent: 62.50%, Whitelist: 0, IPv4: 8, IPv6: 0, Min Delay: 407 ms, Max Speed: 7.37 M/s, Avg Speed: 5.33 M/s, Max Resolution: 1280x720
Category: 📡卫视频道, Name: 东南卫视, Total: 18, Valid: 3, Valid Percent: 16.67%, Whitelist: 0, IPv4: 18, IPv6: 0, Min Delay: 462 ms, Max Speed: 9.44 M/s, Avg Speed: 6.61 M/s, Max Resolution: 1920x1080
Category: 📡卫视频道, Name: 大湾区卫视, Total: 16, Valid: 5, Valid Percent: 31.25%, Whitelist: 0, IPv4: 16, IPv6: 0, Min Delay: 478 ms, Max Speed: 10.86 M/s, Avg Speed: 8.34 M/s, Max Resolution: 1920x1080
Category: ☘️广东频道, Name: 广东珠江, Total: 2, Valid: 2, Valid Percent: 100.00%, Whitelist: 0, IPv4: 2, IPv6: 0, Min Delay: 400 ms, Max Speed: 7.46 M/s, Avg Speed: 6.44 M/s, Max Resolution: 1920x1080
Category: ☘️广东频道, Name: 广东体育, Total: 2, Valid: 1, Valid Percent: 50.00%, Whitelist: 0, IPv4: 2, IPv6: 0, Min Delay: 421 ms, Max Speed: 5.52 M/s, Avg Speed: 5.52 M/s, Max Resolution: 1280x720
Category: ☘️广东频道, Name: 广东新闻, Total: 2, Valid: 1, Valid Percent: 50.00%, Whitelist: 0, IPv4: 2, IPv6: 0, Min Delay: 389 ms, Max Speed: 5.11 M/s, Avg Speed: 5.11 M/s, Max Resolution: 1280x720
Category: 📡卫视频道, Name: 兵团卫视, Total: 8, Valid: 0, Valid Percent: 0.00%, Whitelist: 0, IPv4: 8, IPv6: 0, Min Delay: -1 ms, Max Speed: 0.00 M/s, Avg Speed: 0.00 M/s, Max Resolution: None
Category: ☘️广东频道, Name: 广东经济科教, Total: 2, Valid: 0, Valid Percent: 0.00%, Whitelist: 0, IPv4: 2, IPv6: 0, Min Delay: -1 ms, Max Speed: 0.00 M/s, Avg Speed: 0.00 M/s, Max Resolution: None
Category: ☘️广东频道, Name: 广州新闻, Total: 1, Valid: 1, Valid Percent: 100.00%, Whitelist: 0, IPv4: 1, IPv6: 0, Min Delay: 2302 ms, Max Speed: 0.37 M/s, Avg Speed: 0.37 M/s, Max Resolution: 1280x720
Category: 📡卫视频道, Name: 延边卫视, Total: 10, Valid: 3, Valid Percent: 30.00%, Whitelist: 0, IPv4: 10, IPv6: 0, Min Delay: 356 ms, Max Speed: 9.89 M/s, Avg Speed: 5.74 M/s, Max Resolution: 1920x1080
Category: ☘️广东频道, Name: 广州综合, Total: 4, Valid: 4, Valid Percent: 100.00%, Whitelist: 0, IPv4: 4, IPv6: 0, Min Delay: 2077 ms, Max Speed: 0.38 M/s, Avg Speed: 0.35 M/s, Max Resolution: 1280x720
Category: ☘️广东频道, Name: 广东民生, Total: 4, Valid: 2, Valid Percent: 50.00%, Whitelist: 0, IPv4: 4, IPv6: 0, Min Delay: 424 ms, Max Speed: 5.37 M/s, Avg Speed: 2.71 M/s, Max Resolution: 1280x720
Category: 📡卫视频道, Name: 康巴卫视, Total: 4, Valid: 0, Valid Percent: 0.00%, Whitelist: 0, IPv4: 4, IPv6: 0, Min Delay: -1 ms, Max Speed: 0.00 M/s, Avg Speed: 0.00 M/s, Max Resolution: None
Category: ☘️广东频道, Name: 广州影视, Total: 1, Valid: 0, Valid Percent: 0.00%, Whitelist: 0, IPv4: 1, IPv6: 0, Min Delay: -1 ms, Max Speed: 0.00 M/s, Avg Speed: 0.00 M/s, Max Resolution: None
Category: ☘️广东频道, Name: 广州竞赛, Total: 2, Valid: 1, Valid Percent: 50.00%, Whitelist: 0, IPv4: 2, IPv6: 0, Min Delay: 10622 ms, Max Speed: 0.03 M/s, Avg Speed: 0.03 M/s, Max Resolution: 1280x720
Category: 🇭🇰香港频道, Name: TVB Plus, Total: 1, Valid: 0, Valid Percent: 0.00%, Whitelist: 0, IPv4: 1, IPv6: 0, Min Delay: -1 ms, Max Speed: 0.00 M/s, Avg Speed: 0.00 M/s, Max Resolution: None
Category: ☘️广东频道, Name: 南方卫视, Total: 1, Valid: 0, Valid Percent: 0.00%, Whitelist: 0, IPv4: 1, IPv6: 0, Min Delay: -1 ms, Max Speed: 0.00 M/s, Avg Speed: 0.00 M/s, Max Resolution: None
Category: 🇭🇰香港频道, Name: TVB星河频道, Total: 1, Valid: 0, Valid Percent: 0.00%, Whitelist: 0, IPv4: 1, IPv6: 0, Min Delay: -1 ms, Max Speed: 0.00 M/s, Avg Speed: 0.00 M/s, Max Resolution: None
Category: 🇭🇰香港频道, Name: ViuTV, Total: 1, Valid: 0, Valid Percent: 0.00%, Whitelist: 0, IPv4: 1, IPv6: 0, Min Delay: -1 ms, Max Speed: 0.00 M/s, Avg Speed: 0.00 M/s, Max Resolution: None
Category: 🇭🇰香港频道, Name: 无线新闻台, Total: 5, Valid: 2, Valid Percent: 40.00%, Whitelist: 0, IPv4: 5, IPv6: 0, Min Delay: 678 ms, Max Speed: 3.62 M/s, Avg Speed: 1.81 M/s, Max Resolution: 1280x720
Category: 🇭🇰香港频道, Name: 翡翠台, Total: 12, Valid: 0, Valid Percent: 0.00%, Whitelist: 0, IPv4: 12, IPv6: 0, Min Delay: -1 ms, Max Speed: 0.00 M/s, Avg Speed: 0.00 M/s, Max Resolution: None
Category: 🇭🇰香港频道, Name: 明珠台, Total: 5, Valid: 0, Valid Percent: 0.00%, Whitelist: 0, IPv4: 5, IPv6: 0, Min Delay: -1 ms, Max Speed: 0.00 M/s, Avg Speed: 0.00 M/s, Max Resolution: None
Category: 🇭🇰香港频道, Name: J2, Total: 2, Valid: 0, Valid Percent: 0.00%, Whitelist: 0, IPv4: 2, IPv6: 0, Min Delay: -1 ms, Max Speed: 0.00 M/s, Avg Speed: 0.00 M/s, Max Resolution: None
Category: 🇭🇰香港频道, Name: 香港卫视, Total: 3, Valid: 1, Valid Percent: 33.33%, Whitelist: 0, IPv4: 3, IPv6: 0, Min Delay: 10634 ms, Max Speed: 0.23 M/s, Avg Speed: 0.23 M/s, Max Resolution: 1280x720
Category: 🇭🇰香港频道, Name: 凤凰中文, Total: 7, Valid: 1, Valid Percent: 14.29%, Whitelist: 0, IPv4: 7, IPv6: 0, Min Delay: 505 ms, Max Speed: 0.14 M/s, Avg Speed: 0.14 M/s, Max Resolution: 1280x720
Category: 🇹🇼台湾频道, Name: 中视新闻台, Total: 3, Valid: 0, Valid Percent: 0.00%, Whitelist: 0, IPv4: 3, IPv6: 0, Min Delay: -1 ms, Max Speed: 0.00 M/s, Avg Speed: 0.00 M/s, Max Resolution: None
Category: 🇭🇰香港频道, Name: 凤凰香港, Total: 7, Valid: 1, Valid Percent: 14.29%, Whitelist: 0, IPv4: 7, IPv6: 0, Min Delay: 518 ms, Max Speed: 0.13 M/s, Avg Speed: 0.13 M/s, Max Resolution: 1280x720
Category: 🇹🇼台湾频道, Name: 民视第一台, Total: 2, Valid: 0, Valid Percent: 0.00%, Whitelist: 0, IPv4: 2, IPv6: 0, Min Delay: -1 ms, Max Speed: 0.00 M/s, Avg Speed: 0.00 M/s, Max Resolution: None
Category: 🇹🇼台湾频道, Name: 民视新闻台, Total: 3, Valid: 2, Valid Percent: 66.67%, Whitelist: 0, IPv4: 3, IPv6: 0, Min Delay: 1538 ms, Max Speed: 0.98 M/s, Avg Speed: 0.92 M/s, Max Resolution: 1920x1080
Category: 🇹🇼台湾频道, Name: 中视, Total: 2, Valid: 0, Valid Percent: 0.00%, Whitelist: 0, IPv4: 2, IPv6: 0, Min Delay: 10005 ms, Max Speed: 0.00 M/s, Avg Speed: 0.00 M/s, Max Resolution: None
Category: 🇹🇼台湾频道, Name: 华视, Total: 2, Valid: 0, Valid Percent: 0.00%, Whitelist: 0, IPv4: 2, IPv6: 0, Min Delay: 10005 ms, Max Speed: 0.00 M/s, Avg Speed: 0.00 M/s, Max Resolution: None
Category: 🇹🇼台湾频道, Name: 民视, Total: 1, Valid: 0, Valid Percent: 0.00%, Whitelist: 0, IPv4: 1, IPv6: 0, Min Delay: 10007 ms, Max Speed: 0.00 M/s, Avg Speed: 0.00 M/s, Max Resolution: None
Category: 🇹🇼台湾频道, Name: 台视新闻台, Total: 4, Valid: 3, Valid Percent: 75.00%, Whitelist: 0, IPv4: 4, IPv6: 0, Min Delay: 3044 ms, Max Speed: 0.89 M/s, Avg Speed: 0.58 M/s, Max Resolution: 1920x1080
Category: 🇭🇰香港频道, Name: 港台电视 32, Total: 1, Valid: 0, Valid Percent: 0.00%, Whitelist: 0, IPv4: 1, IPv6: 0, Min Delay: -1 ms, Max Speed: 0.00 M/s, Avg Speed: 0.00 M/s, Max Resolution: None
Category: 🇭🇰香港频道, Name: 有线新闻台, Total: 1, Valid: 0, Valid Percent: 0.00%, Whitelist: 0, IPv4: 1, IPv6: 0, Min Delay: -1 ms, Max Speed: 0.00 M/s, Avg Speed: 0.00 M/s, Max Resolution: None
Category: 🇹🇼台湾频道, Name: 台视, Total: 3, Valid: 0, Valid Percent: 0.00%, Whitelist: 0, IPv4: 3, IPv6: 0, Min Delay: 10005 ms, Max Speed: 0.00 M/s, Avg Speed: 0.00 M/s, Max Resolution: None
Category: 🇹🇼台湾频道, Name: 公视, Total: 1, Valid: 0, Valid Percent: 0.00%, Whitelist: 0, IPv4: 1, IPv6: 0, Min Delay: -1 ms, Max Speed: 0.00 M/s, Avg Speed: 0.00 M/s, Max Resolution: None
Category: 🇹🇼台湾频道, Name: 中天新闻台, Total: 3, Valid: 1, Valid Percent: 33.33%, Whitelist: 0, IPv4: 3, IPv6: 0, Min Delay: 10942 ms, Max Speed: 0.35 M/s, Avg Speed: 0.35 M/s, Max Resolution: 1920x1080
Category: 🇹🇼台湾频道, Name: TVBS, Total: 2, Valid: 0, Valid Percent: 0.00%, Whitelist: 0, IPv4: 2, IPv6: 0, Min Delay: -1 ms, Max Speed: 0.00 M/s, Avg Speed: 0.00 M/s, Max Resolution: None
Category: 🇹🇼台湾频道, Name: TVBS新闻台, Total: 3, Valid: 1, Valid Percent: 33.33%, Whitelist: 0, IPv4: 3, IPv6: 0, Min Delay: 7220 ms, Max Speed: 0.28 M/s, Avg Speed: 0.28 M/s, Max Resolution: 1280x720
Category: 🇹🇼台湾频道, Name: 三立都会台, Total: 1, Valid: 0, Valid Percent: 0.00%, Whitelist: 0, IPv4: 1, IPv6: 0, Min Delay: -1 ms, Max Speed: 0.00 M/s, Avg Speed: 0.00 M/s, Max Resolution: None
Category: 🇹🇼台湾频道, Name: 三立新闻台, Total: 1, Valid: 0, Valid Percent: 0.00%, Whitelist: 0, IPv4: 1, IPv6: 0, Min Delay: -1 ms, Max Speed: 0.00 M/s, Avg Speed: 0.00 M/s, Max Resolution: None
Category: 🇹🇼台湾频道, Name: TVBS欢乐台, Total: 3, Valid: 0, Valid Percent: 0.00%, Whitelist: 0, IPv4: 3, IPv6: 0, Min Delay: -1 ms, Max Speed: 0.00 M/s, Avg Speed: 0.00 M/s, Max Resolution: None
Category: 🇹🇼台湾频道, Name: 中天综合台, Total: 1, Valid: 0, Valid Percent: 0.00%, Whitelist: 0, IPv4: 1, IPv6: 0, Min Delay: -1 ms, Max Speed: 0.00 M/s, Avg Speed: 0.00 M/s, Max Resolution: None
Category: 🇹🇼台湾频道, Name: 中天娱乐台, Total: 4, Valid: 0, Valid Percent: 0.00%, Whitelist: 0, IPv4: 4, IPv6: 0, Min Delay: -1 ms, Max Speed: 0.00 M/s, Avg Speed: 0.00 M/s, Max Resolution: None
Category: 🇹🇼台湾频道, Name: 三立台湾台, Total: 2, Valid: 0, Valid Percent: 0.00%, Whitelist: 0, IPv4: 2, IPv6: 0, Min Delay: -1 ms, Max Speed: 0.00 M/s, Avg Speed: 0.00 M/s, Max Resolution: None
Category: 🇹🇼台湾频道, Name: 年代新闻台, Total: 1, Valid: 0, Valid Percent: 0.00%, Whitelist: 0, IPv4: 1, IPv6: 0, Min Delay: -1 ms, Max Speed: 0.00 M/s, Avg Speed: 0.00 M/s, Max Resolution: None
Category: 🇹🇼台湾频道, Name: 东森新闻台, Total: 2, Valid: 0, Valid Percent: 0.00%, Whitelist: 0, IPv4: 2, IPv6: 0, Min Delay: -1 ms, Max Speed: 0.00 M/s, Avg Speed: 0.00 M/s, Max Resolution: None
Category: 🇹🇼台湾频道, Name: 东森综合台, Total: 2, Valid: 0, Valid Percent: 0.00%, Whitelist: 0, IPv4: 2, IPv6: 0, Min Delay: -1 ms, Max Speed: 0.00 M/s, Avg Speed: 0.00 M/s, Max Resolution: None
Category: 🇹🇼台湾频道, Name: 东森电影台, Total: 4, Valid: 0, Valid Percent: 0.00%, Whitelist: 0, IPv4: 4, IPv6: 0, Min Delay: -1 ms, Max Speed: 0.00 M/s, Avg Speed: 0.00 M/s, Max Resolution: None
Category: 🇹🇼台湾频道, Name: 龙华偶像, Total: 1, Valid: 0, Valid Percent: 0.00%, Whitelist: 0, IPv4: 1, IPv6: 0, Min Delay: -1 ms, Max Speed: 0.00 M/s, Avg Speed: 0.00 M/s, Max Resolution: None
Category: 🇹🇼台湾频道, Name: 龙华日韩, Total: 1, Valid: 0, Valid Percent: 0.00%, Whitelist: 0, IPv4: 1, IPv6: 0, Min Delay: -1 ms, Max Speed: 0.00 M/s, Avg Speed: 0.00 M/s, Max Resolution: None
Category: 🇹🇼台湾频道, Name: 龙华经典, Total: 1, Valid: 0, Valid Percent: 0.00%, Whitelist: 0, IPv4: 1, IPv6: 0, Min Delay: -1 ms, Max Speed: 0.00 M/s, Avg Speed: 0.00 M/s, Max Resolution: None
Category: 🇹🇼台湾频道, Name: 八大综合台, Total: 2, Valid: 0, Valid Percent: 0.00%, Whitelist: 0, IPv4: 2, IPv6: 0, Min Delay: -1 ms, Max Speed: 0.00 M/s, Avg Speed: 0.00 M/s, Max Resolution: None
Category: 🇹🇼台湾频道, Name: 纬来电影台, Total: 2, Valid: 0, Valid Percent: 0.00%, Whitelist: 0, IPv4: 2, IPv6: 0, Min Delay: -1 ms, Max Speed: 0.00 M/s, Avg Speed: 0.00 M/s, Max Resolution: None
Category: 🇹🇼台湾频道, Name: 纬来体育台, Total: 2, Valid: 1, Valid Percent: 50.00%, Whitelist: 0, IPv4: 2, IPv6: 0, Min Delay: 7378 ms, Max Speed: 0.00 M/s, Avg Speed: 0.00 M/s, Max Resolution: 1280x720
Category: 🇹🇼台湾频道, Name: 八大戏剧台, Total: 3, Valid: 0, Valid Percent: 0.00%, Whitelist: 0, IPv4: 3, IPv6: 0, Min Delay: 386 ms, Max Speed: 0.00 M/s, Avg Speed: 0.00 M/s, Max Resolution: None
Category: 🇹🇼台湾频道, Name: 寰宇新闻台, Total: 3, Valid: 1, Valid Percent: 33.33%, Whitelist: 0, IPv4: 3, IPv6: 0, Min Delay: 8522 ms, Max Speed: 0.60 M/s, Avg Speed: 0.60 M/s, Max Resolution: 1920x1080
Category: 🇹🇼台湾频道, Name: 非凡新闻台, Total: 3, Valid: 1, Valid Percent: 33.33%, Whitelist: 0, IPv4: 3, IPv6: 0, Min Delay: 4434 ms, Max Speed: 0.00 M/s, Avg Speed: 0.00 M/s, Max Resolution: 1280x720
Category: 🇹🇼台湾频道, Name: 龙华电影, Total: 3, Valid: 0, Valid Percent: 0.00%, Whitelist: 0, IPv4: 3, IPv6: 0, Min Delay: -1 ms, Max Speed: 0.00 M/s, Avg Speed: 0.00 M/s, Max Resolution: None
Category: 📚纪录频道, Name: National Geographic, Total: 1, Valid: 0, Valid Percent: 0.00%, Whitelist: 0, IPv4: 1, IPv6: 0, Min Delay: -1 ms, Max Speed: 0.00 M/s, Avg Speed: 0.00 M/s, Max Resolution: None
Category: ⚽体育频道, Name: 劲爆体育, Total: 4, Valid: 0, Valid Percent: 0.00%, Whitelist: 0, IPv4: 4, IPv6: 0, Min Delay: -1 ms, Max Speed: 0.00 M/s, Avg Speed: 0.00 M/s, Max Resolution: None
Category: 🇹🇼台湾频道, Name: 纬来日本台, Total: 2, Valid: 1, Valid Percent: 50.00%, Whitelist: 0, IPv4: 2, IPv6: 0, Min Delay: 9336 ms, Max Speed: 0.00 M/s, Avg Speed: 0.00 M/s, Max Resolution: 1280x720
Category: 📚纪录频道, Name: 纪实人文, Total: 3, Valid: 0, Valid Percent: 0.00%, Whitelist: 0, IPv4: 3, IPv6: 0, Min Delay: -1 ms, Max Speed: 0.00 M/s, Avg Speed: 0.00 M/s, Max Resolution: None
Category: 📚纪录频道, Name: 动物世界, Total: 1, Valid: 0, Valid Percent: 0.00%, Whitelist: 0, IPv4: 1, IPv6: 0, Min Delay: -1 ms, Max Speed: 0.00 M/s, Avg Speed: 0.00 M/s, Max Resolution: None
Category: 🎬电影频道, Name: CHC动作电影, Total: 8, Valid: 3, Valid Percent: 37.50%, Whitelist: 0, IPv4: 8, IPv6: 0, Min Delay: 276 ms, Max Speed: 6.07 M/s, Avg Speed: 4.79 M/s, Max Resolution: 1920x1080
Category: 🎬电影频道, Name: CHC家庭影院, Total: 10, Valid: 5, Valid Percent: 50.00%, Whitelist: 0, IPv4: 10, IPv6: 0, Min Delay: 419 ms, Max Speed: 8.24 M/s, Avg Speed: 7.80 M/s, Max Resolution: 1920x1080
Category: 👶少儿频道, Name: 嘉佳卡通, Total: 2, Valid: 0, Valid Percent: 0.00%, Whitelist: 0, IPv4: 2, IPv6: 0, Min Delay: -1 ms, Max Speed: 0.00 M/s, Avg Speed: 0.00 M/s, Max Resolution: None
Category: 👶少儿频道, Name: 优漫卡通, Total: 4, Valid: 0, Valid Percent: 0.00%, Whitelist: 0, IPv4: 4, IPv6: 0, Min Delay: -1 ms, Max Speed: 0.00 M/s, Avg Speed: 0.00 M/s, Max Resolution: None
Category: ⚽体育频道, Name: 五星体育, Total: 8, Valid: 0, Valid Percent: 0.00%, Whitelist: 0, IPv4: 8, IPv6: 0, Min Delay: -1 ms, Max Speed: 0.00 M/s, Avg Speed: 0.00 M/s, Max Resolution: None
Category: 👶少儿频道, Name: Nickelodeon, Total: 1, Valid: 0, Valid Percent: 0.00%, Whitelist: 0, IPv4: 1, IPv6: 0, Min Delay: -1 ms, Max Speed: 0.00 M/s, Avg Speed: 0.00 M/s, Max Resolution: None
Category: 📚纪录频道, Name: BBC Earth, Total: 1, Valid: 0, Valid Percent: 0.00%, Whitelist: 0, IPv4: 1, IPv6: 0, Min Delay: -1 ms, Max Speed: 0.00 M/s, Avg Speed: 0.00 M/s, Max Resolution: None
Category: 🎮游戏电竞, Name: 游戏风云, Total: 4, Valid: 0, Valid Percent: 0.00%, Whitelist: 0, IPv4: 4, IPv6: 0, Min Delay: -1 ms, Max Speed: 0.00 M/s, Avg Speed: 0.00 M/s, Max Resolution: None
Category: 🎮游戏电竞, Name: 哒啵电竞, Total: 2, Valid: 0, Valid Percent: 0.00%, Whitelist: 0, IPv4: 2, IPv6: 0, Min Delay: -1 ms, Max Speed: 0.00 M/s, Avg Speed: 0.00 M/s, Max Resolution: None
Category: 🎮游戏电竞, Name: 电竞天堂, Total: 1, Valid: 0, Valid Percent: 0.00%, Whitelist: 0, IPv4: 1, IPv6: 0, Min Delay: -1 ms, Max Speed: 0.00 M/s, Avg Speed: 0.00 M/s, Max Resolution: None
Category: 🌏国际频道, Name: CNN, Total: 1, Valid: 0, Valid Percent: 0.00%, Whitelist: 0, IPv4: 1, IPv6: 0, Min Delay: -1 ms, Max Speed: 0.00 M/s, Avg Speed: 0.00 M/s, Max Resolution: None
Category: 📻咪咕直播, Name: 咪咕直播1, Total: 1, Valid: 0, Valid Percent: 0.00%, Whitelist: 0, IPv4: 1, IPv6: 0, Min Delay: -1 ms, Max Speed: 0.00 M/s, Avg Speed: 0.00 M/s, Max Resolution: None
Category: 🌏国际频道, Name: NHK World, Total: 1, Valid: 0, Valid Percent: 0.00%, Whitelist: 0, IPv4: 1, IPv6: 0, Min Delay: -1 ms, Max Speed: 0.00 M/s, Avg Speed: 0.00 M/s, Max Resolution: None
Category: 🌏国际频道, Name: DW, Total: 1, Valid: 0, Valid Percent: 0.00%, Whitelist: 0, IPv4: 1, IPv6: 0, Min Delay: -1 ms, Max Speed: 0.00 M/s, Avg Speed: 0.00 M/s, Max Resolution: None
Category: 🌏国际频道, Name: France 24, Total: 1, Valid: 0, Valid Percent: 0.00%, Whitelist: 0, IPv4: 1, IPv6: 0, Min Delay: -1 ms, Max Speed: 0.00 M/s, Avg Speed: 0.00 M/s, Max Resolution: None
Category: 👶少儿频道, Name: 北京卡酷少儿, Total: 6, Valid: 0, Valid Percent: 0.00%, Whitelist: 0, IPv4: 6, IPv6: 0, Min Delay: -1 ms, Max Speed: 0.00 M/s, Avg Speed: 0.00 M/s, Max Resolution: None
Category: 👶少儿频道, Name: 金鹰卡通, Total: 8, Valid: 0, Valid Percent: 0.00%, Whitelist: 0, IPv4: 8, IPv6: 0, Min Delay: -1 ms, Max Speed: 0.00 M/s, Avg Speed: 0.00 M/s, Max Resolution: None
Category: 🌏国际频道, Name: Al Jazeera, Total: 3, Valid: 1, Valid Percent: 33.33%, Whitelist: 0, IPv4: 3, IPv6: 0, Min Delay: 69 ms, Max Speed: 62.60 M/s, Avg Speed: 62.60 M/s, Max Resolution: 1920x1080
Category: 👶少儿频道, Name: Cartoon Network, Total: 1, Valid: 0, Valid Percent: 0.00%, Whitelist: 0, IPv4: 1, IPv6: 0, Min Delay: -1 ms, Max Speed: 0.00 M/s, Avg Speed: 0.00 M/s, Max Resolution: None
Category: 👶少儿频道, Name: 哈哈炫动, Total: 6, Valid: 0, Valid Percent: 0.00%, Whitelist: 0, IPv4: 6, IPv6: 0, Min Delay: -1 ms, Max Speed: 0.00 M/s, Avg Speed: 0.00 M/s, Max Resolution: None
Category: 🎬NewTV轮播, Name: NewTV黑莓动画, Total: 2, Valid: 0, Valid Percent: 0.00%, Whitelist: 0, IPv4: 2, IPv6: 0, Min Delay: -1 ms, Max Speed: 0.00 M/s, Avg Speed: 0.00 M/s, Max Resolution: None
Category: 👶少儿频道, Name: 动漫秀场, Total: 4, Valid: 0, Valid Percent: 0.00%, Whitelist: 0, IPv4: 4, IPv6: 0, Min Delay: -1 ms, Max Speed: 0.00 M/s, Avg Speed: 0.00 M/s, Max Resolution: None
Category: 🌏国际频道, Name: BBC World News, Total: 2, Valid: 0, Valid Percent: 0.00%, Whitelist: 0, IPv4: 2, IPv6: 0, Min Delay: -1 ms, Max Speed: 0.00 M/s, Avg Speed: 0.00 M/s, Max Resolution: None
Category: 🎬NewTV轮播, Name: NewTV爱情喜剧, Total: 3, Valid: 0, Valid Percent: 0.00%, Whitelist: 0, IPv4: 3, IPv6: 0, Min Delay: -1 ms, Max Speed: 0.00 M/s, Avg Speed: 0.00 M/s, Max Resolution: None
Category: 🎬NewTV轮播, Name: NewTV超级体育, Total: 3, Valid: 0, Valid Percent: 0.00%, Whitelist: 0, IPv4: 3, IPv6: 0, Min Delay: -1 ms, Max Speed: 0.00 M/s, Avg Speed: 0.00 M/s, Max Resolution: None
Category: 🎬NewTV轮播, Name: NewTV古装剧场, Total: 2, Valid: 0, Valid Percent: 0.00%, Whitelist: 0, IPv4: 2, IPv6: 0, Min Delay: -1 ms, Max Speed: 0.00 M/s, Avg Speed: 0.00 M/s, Max Resolution: None
Category: 🎬NewTV轮播, Name: NewTV动作电影, Total: 2, Valid: 0, Valid Percent: 0.00%, Whitelist: 0, IPv4: 2, IPv6: 0, Min Delay: -1 ms, Max Speed: 0.00 M/s, Avg Speed: 0.00 M/s, Max Resolution: None
Category: 🎬NewTV轮播, Name: NewTV黑莓电影, Total: 3, Valid: 0, Valid Percent: 0.00%, Whitelist: 0, IPv4: 3, IPv6: 0, Min Delay: -1 ms, Max Speed: 0.00 M/s, Avg Speed: 0.00 M/s, Max Resolution: None
Category: 🎬NewTV轮播, Name: NewTV家庭剧场, Total: 1, Valid: 0, Valid Percent: 0.00%, Whitelist: 0, IPv4: 1, IPv6: 0, Min Delay: -1 ms, Max Speed: 0.00 M/s, Avg Speed: 0.00 M/s, Max Resolution: None
Category: 🎬NewTV轮播, Name: NewTV金牌综艺, Total: 1, Valid: 0, Valid Percent: 0.00%, Whitelist: 0, IPv4: 1, IPv6: 0, Min Delay: -1 ms, Max Speed: 0.00 M/s, Avg Speed: 0.00 M/s, Max Resolution: None
Category: 🎬NewTV轮播, Name: NewTV惊悚悬疑, Total: 1, Valid: 0, Valid Percent: 0.00%, Whitelist: 0, IPv4: 1, IPv6: 0, Min Delay: -1 ms, Max Speed: 0.00 M/s, Avg Speed: 0.00 M/s, Max Resolution: None
Category: 🎬NewTV轮播, Name: NewTV军旅剧场, Total: 2, Valid: 0, Valid Percent: 0.00%, Whitelist: 0, IPv4: 2, IPv6: 0, Min Delay: -1 ms, Max Speed: 0.00 M/s, Avg Speed: 0.00 M/s, Max Resolution: None
Category: 🎬NewTV轮播, Name: NewTV中国功夫, Total: 1, Valid: 0, Valid Percent: 0.00%, Whitelist: 0, IPv4: 1, IPv6: 0, Min Delay: -1 ms, Max Speed: 0.00 M/s, Avg Speed: 0.00 M/s, Max Resolution: None
